Welcome!
>> Theorem plus-exist : forall N1 N2,
  {N1: nat} => {N2:nat} => exists N3 D, {D: plus N1 N2 N3}.

Subgoal plus-exist:


==================================
forall N1, forall N2,
  {N1 : nat} => {N2 : nat} => exists N3, exists D, {D : plus N1 N2 N3}

plus-exist>> induction on 1.

Subgoal plus-exist:

IH:
    forall N1, forall N2,
      {N1 : nat}* => {N2 : nat} => exists N3, exists D, {D : plus N1 N2 N3}

==================================
forall N1, forall N2,
  {N1 : nat}@ => {N2 : nat} => exists N3, exists D, {D : plus N1 N2 N3}

plus-exist>> intros.

Subgoal plus-exist:

Vars: N2:o, N1:o
IH:
    forall N1, forall N2,
      {N1 : nat}* => {N2 : nat} => exists N3, exists D, {D : plus N1 N2 N3}
H1:{N1 : nat}@
H2:{N2 : nat}

==================================
exists N3, exists D, {D : plus N1 N2 N3}

plus-exist>> case H1.

Subgoal plus-exist.1:

Vars: x:o, N2:o
IH:
    forall N1, forall N2,
      {N1 : nat}* => {N2 : nat} => exists N3, exists D, {D : plus N1 N2 N3}
H2:{N2 : nat}
H3:{x : nat}*

==================================
exists N3, exists D, {D : plus (s x) N2 N3}

Subgoal plus-exist.2 is:
 exists N3, exists D, {D : plus z N2 N3}

plus-exist.1>> apply IH to H3 H2.

Subgoal plus-exist.1:

Vars: D:o, N3:o, x:o, N2:o
IH:
    forall N1, forall N2,
      {N1 : nat}* => {N2 : nat} => exists N3, exists D, {D : plus N1 N2 N3}
H2:{N2 : nat}
H3:{x : nat}*
H4:{D : plus x N2 N3}

==================================
exists N3, exists D, {D : plus (s x) N2 N3}

Subgoal plus-exist.2 is:
 exists N3, exists D, {D : plus z N2 N3}

plus-exist.1>> exists s N3.

Subgoal plus-exist.1:

Vars: D:o, N3:o, x:o, N2:o
IH:
    forall N1, forall N2,
      {N1 : nat}* => {N2 : nat} => exists N3, exists D, {D : plus N1 N2 N3}
H2:{N2 : nat}
H3:{x : nat}*
H4:{D : plus x N2 N3}

==================================
exists D, {D : plus (s x) N2 (s N3)}

Subgoal plus-exist.2 is:
 exists N3, exists D, {D : plus z N2 N3}

plus-exist.1>> exists plus-s x N2 N3 D.

Subgoal plus-exist.1:

Vars: D:o, N3:o, x:o, N2:o
IH:
    forall N1, forall N2,
      {N1 : nat}* => {N2 : nat} => exists N3, exists D, {D : plus N1 N2 N3}
H2:{N2 : nat}
H3:{x : nat}*
H4:{D : plus x N2 N3}

==================================
{plus-s x N2 N3 D : plus (s x) N2 (s N3)}

Subgoal plus-exist.2 is:
 exists N3, exists D, {D : plus z N2 N3}

plus-exist.1>> search.

Subgoal plus-exist.2:

Vars: N2:o
IH:
    forall N1, forall N2,
      {N1 : nat}* => {N2 : nat} => exists N3, exists D, {D : plus N1 N2 N3}
H2:{N2 : nat}

==================================
exists N3, exists D, {D : plus z N2 N3}

plus-exist.2>> exists N2.

Subgoal plus-exist.2:

Vars: N2:o
IH:
    forall N1, forall N2,
      {N1 : nat}* => {N2 : nat} => exists N3, exists D, {D : plus N1 N2 N3}
H2:{N2 : nat}

==================================
exists D, {D : plus z N2 N2}

plus-exist.2>> exists plus-z N2.

Subgoal plus-exist.2:

Vars: N2:o
IH:
    forall N1, forall N2,
      {N1 : nat}* => {N2 : nat} => exists N3, exists D, {D : plus N1 N2 N3}
H2:{N2 : nat}

==================================
{plus-z N2 : plus z N2 N2}

plus-exist.2>> search.
Proof Completed!
