>> Theorem ceqG: ctx G:daG, forall M N D1,
  {G |- D1: deq M N} => exists D2, {G |- D2 : aeq M N}.

Subgoal ceqG:


==================================
ctx G:daG,
  forall M, forall N, forall D1,
    {G |- D1 : deq M N} => exists D2, {G |- D2 : aeq M N}

ceqG>> induction on 1.

Subgoal ceqG:

IH:
    ctx G:daG,
      forall M, forall N, forall D1,
        {G |- D1 : deq M N}* => exists D2, {G |- D2 : aeq M N}

==================================
ctx G:daG,
  forall M, forall N, forall D1,
    {G |- D1 : deq M N}@ => exists D2, {G |- D2 : aeq M N}

ceqG>> intros.

Subgoal ceqG:

Vars: D1:o, N:o, M:o
Contexts: G{}:daG[]
IH:
    ctx G:daG,
      forall M, forall N, forall D1,
        {G |- D1 : deq M N}* => exists D2, {G |- D2 : aeq M N}
H1:{G |- D1 : deq M N}@

==================================
exists D2, {G |- D2 : aeq M N}

ceqG>> case H1 (keep).

Subgoal ceqG.1:

Vars: N:o
Contexts: G{}:daG[]
IH:
    ctx G:daG,
      forall M, forall N, forall D1,
        {G |- D1 : deq M N}* => exists D2, {G |- D2 : aeq M N}
H1:{G |- de_r N : deq N N}@
H2:{G |- N : tm}*

==================================
exists D2, {G |- D2 : aeq N N}

Subgoal ceqG.2 is:
 exists D2, {G |- D2 : aeq M N}

Subgoal ceqG.3 is:
 exists D2, {G |- D2 : aeq M N}

Subgoal ceqG.4 is:
 exists D2, {G |- D2 : aeq (lam ([c53]M1 c53)) (lam ([c56]N1 c56))}

Subgoal ceqG.5 is:
 exists D2, {G |- D2 : aeq (app M1 M2) (app N1 N2)}

Subgoal ceqG.6 is:
 exists D2, {G |- D2 : aeq n n}

ceqG.1>> apply reflG to H2.

Subgoal ceqG.1:

Vars: D:o, N:o
Contexts: G{}:daG[]
IH:
    ctx G:daG,
      forall M, forall N, forall D1,
        {G |- D1 : deq M N}* => exists D2, {G |- D2 : aeq M N}
H1:{G |- de_r N : deq N N}@
H2:{G |- N : tm}*
H3:{G |- D : aeq N N}

==================================
exists D2, {G |- D2 : aeq N N}

Subgoal ceqG.2 is:
 exists D2, {G |- D2 : aeq M N}

Subgoal ceqG.3 is:
 exists D2, {G |- D2 : aeq M N}

Subgoal ceqG.4 is:
 exists D2, {G |- D2 : aeq (lam ([c53]M1 c53)) (lam ([c56]N1 c56))}

Subgoal ceqG.5 is:
 exists D2, {G |- D2 : aeq (app M1 M2) (app N1 N2)}

Subgoal ceqG.6 is:
 exists D2, {G |- D2 : aeq n n}

ceqG.1>> exists D.

Subgoal ceqG.1:

Vars: D:o, N:o
Contexts: G{}:daG[]
IH:
    ctx G:daG,
      forall M, forall N, forall D1,
        {G |- D1 : deq M N}* => exists D2, {G |- D2 : aeq M N}
H1:{G |- de_r N : deq N N}@
H2:{G |- N : tm}*
H3:{G |- D : aeq N N}

==================================
{G |- D : aeq N N}

Subgoal ceqG.2 is:
 exists D2, {G |- D2 : aeq M N}

Subgoal ceqG.3 is:
 exists D2, {G |- D2 : aeq M N}

Subgoal ceqG.4 is:
 exists D2, {G |- D2 : aeq (lam ([c53]M1 c53)) (lam ([c56]N1 c56))}

Subgoal ceqG.5 is:
 exists D2, {G |- D2 : aeq (app M1 M2) (app N1 N2)}

Subgoal ceqG.6 is:
 exists D2, {G |- D2 : aeq n n}

ceqG.1>> search.

Subgoal ceqG.2:

Vars: M2:o, D2:o, D3:o, N:o, M:o
Contexts: G{}:daG[]
IH:
    ctx G:daG,
      forall M, forall N, forall D1,
        {G |- D1 : deq M N}* => exists D2, {G |- D2 : aeq M N}
H1:{G |- de_t M M2 N D2 D3 : deq M N}@
H2:{G |- M : tm}*
H3:{G |- M2 : tm}*
H4:{G |- N : tm}*
H5:{G |- D2 : deq M M2}*
H6:{G |- D3 : deq M2 N}*

==================================
exists D2, {G |- D2 : aeq M N}

Subgoal ceqG.3 is:
 exists D2, {G |- D2 : aeq M N}

Subgoal ceqG.4 is:
 exists D2, {G |- D2 : aeq (lam ([c53]M1 c53)) (lam ([c56]N1 c56))}

Subgoal ceqG.5 is:
 exists D2, {G |- D2 : aeq (app M1 M2) (app N1 N2)}

Subgoal ceqG.6 is:
 exists D2, {G |- D2 : aeq n n}

ceqG.2>> apply IH to H5.

Subgoal ceqG.2:

Vars: M2:o, D2:o, D3:o, D1:o, N:o, M:o
Contexts: G{}:daG[]
IH:
    ctx G:daG,
      forall M, forall N, forall D1,
        {G |- D1 : deq M N}* => exists D2, {G |- D2 : aeq M N}
H1:{G |- de_t M M2 N D2 D3 : deq M N}@
H2:{G |- M : tm}*
H3:{G |- M2 : tm}*
H4:{G |- N : tm}*
H5:{G |- D2 : deq M M2}*
H6:{G |- D3 : deq M2 N}*
H7:{G |- D1 : aeq M M2}

==================================
exists D2, {G |- D2 : aeq M N}

Subgoal ceqG.3 is:
 exists D2, {G |- D2 : aeq M N}

Subgoal ceqG.4 is:
 exists D2, {G |- D2 : aeq (lam ([c53]M1 c53)) (lam ([c56]N1 c56))}

Subgoal ceqG.5 is:
 exists D2, {G |- D2 : aeq (app M1 M2) (app N1 N2)}

Subgoal ceqG.6 is:
 exists D2, {G |- D2 : aeq n n}

ceqG.2>> apply IH to H6.

Subgoal ceqG.2:

Vars: D4:o, M2:o, D2:o, D3:o, D1:o, N:o, M:o
Contexts: G{}:daG[]
IH:
    ctx G:daG,
      forall M, forall N, forall D1,
        {G |- D1 : deq M N}* => exists D2, {G |- D2 : aeq M N}
H1:{G |- de_t M M2 N D2 D3 : deq M N}@
H2:{G |- M : tm}*
H3:{G |- M2 : tm}*
H4:{G |- N : tm}*
H5:{G |- D2 : deq M M2}*
H6:{G |- D3 : deq M2 N}*
H7:{G |- D1 : aeq M M2}
H8:{G |- D4 : aeq M2 N}

==================================
exists D2, {G |- D2 : aeq M N}

Subgoal ceqG.3 is:
 exists D2, {G |- D2 : aeq M N}

Subgoal ceqG.4 is:
 exists D2, {G |- D2 : aeq (lam ([c53]M1 c53)) (lam ([c56]N1 c56))}

Subgoal ceqG.5 is:
 exists D2, {G |- D2 : aeq (app M1 M2) (app N1 N2)}

Subgoal ceqG.6 is:
 exists D2, {G |- D2 : aeq n n}

ceqG.2>> apply tranG to H7 H8.

Subgoal ceqG.2:

Vars: D5:o, D4:o, M2:o, D2:o, D3:o, D1:o, N:o, M:o
Contexts: G{}:daG[]
IH:
    ctx G:daG,
      forall M, forall N, forall D1,
        {G |- D1 : deq M N}* => exists D2, {G |- D2 : aeq M N}
H1:{G |- de_t M M2 N D2 D3 : deq M N}@
H2:{G |- M : tm}*
H3:{G |- M2 : tm}*
H4:{G |- N : tm}*
H5:{G |- D2 : deq M M2}*
H6:{G |- D3 : deq M2 N}*
H7:{G |- D1 : aeq M M2}
H8:{G |- D4 : aeq M2 N}
H9:{G |- D5 : aeq M N}

==================================
exists D2, {G |- D2 : aeq M N}

Subgoal ceqG.3 is:
 exists D2, {G |- D2 : aeq M N}

Subgoal ceqG.4 is:
 exists D2, {G |- D2 : aeq (lam ([c53]M1 c53)) (lam ([c56]N1 c56))}

Subgoal ceqG.5 is:
 exists D2, {G |- D2 : aeq (app M1 M2) (app N1 N2)}

Subgoal ceqG.6 is:
 exists D2, {G |- D2 : aeq n n}

ceqG.2>> exists D5.

Subgoal ceqG.2:

Vars: D5:o, D4:o, M2:o, D2:o, D3:o, D1:o, N:o, M:o
Contexts: G{}:daG[]
IH:
    ctx G:daG,
      forall M, forall N, forall D1,
        {G |- D1 : deq M N}* => exists D2, {G |- D2 : aeq M N}
H1:{G |- de_t M M2 N D2 D3 : deq M N}@
H2:{G |- M : tm}*
H3:{G |- M2 : tm}*
H4:{G |- N : tm}*
H5:{G |- D2 : deq M M2}*
H6:{G |- D3 : deq M2 N}*
H7:{G |- D1 : aeq M M2}
H8:{G |- D4 : aeq M2 N}
H9:{G |- D5 : aeq M N}

==================================
{G |- D5 : aeq M N}

Subgoal ceqG.3 is:
 exists D2, {G |- D2 : aeq M N}

Subgoal ceqG.4 is:
 exists D2, {G |- D2 : aeq (lam ([c53]M1 c53)) (lam ([c56]N1 c56))}

Subgoal ceqG.5 is:
 exists D2, {G |- D2 : aeq (app M1 M2) (app N1 N2)}

Subgoal ceqG.6 is:
 exists D2, {G |- D2 : aeq n n}

ceqG.2>> search.

Subgoal ceqG.3:

Vars: D:o, N:o, M:o
Contexts: G{}:daG[]
IH:
    ctx G:daG,
      forall M, forall N, forall D1,
        {G |- D1 : deq M N}* => exists D2, {G |- D2 : aeq M N}
H1:{G |- de_s N M D : deq M N}@
H2:{G |- N : tm}*
H3:{G |- M : tm}*
H4:{G |- D : deq N M}*

==================================
exists D2, {G |- D2 : aeq M N}

Subgoal ceqG.4 is:
 exists D2, {G |- D2 : aeq (lam ([c53]M1 c53)) (lam ([c56]N1 c56))}

Subgoal ceqG.5 is:
 exists D2, {G |- D2 : aeq (app M1 M2) (app N1 N2)}

Subgoal ceqG.6 is:
 exists D2, {G |- D2 : aeq n n}

ceqG.3>> apply IH to H4.

Subgoal ceqG.3:

Vars: D2:o, D:o, N:o, M:o
Contexts: G{}:daG[]
IH:
    ctx G:daG,
      forall M, forall N, forall D1,
        {G |- D1 : deq M N}* => exists D2, {G |- D2 : aeq M N}
H1:{G |- de_s N M D : deq M N}@
H2:{G |- N : tm}*
H3:{G |- M : tm}*
H4:{G |- D : deq N M}*
H5:{G |- D2 : aeq N M}

==================================
exists D2, {G |- D2 : aeq M N}

Subgoal ceqG.4 is:
 exists D2, {G |- D2 : aeq (lam ([c53]M1 c53)) (lam ([c56]N1 c56))}

Subgoal ceqG.5 is:
 exists D2, {G |- D2 : aeq (app M1 M2) (app N1 N2)}

Subgoal ceqG.6 is:
 exists D2, {G |- D2 : aeq n n}

ceqG.3>> apply symG to H5.

Subgoal ceqG.3:

Vars: D2:o, D:o, D1:o, N:o, M:o
Contexts: G{}:daG[]
IH:
    ctx G:daG,
      forall M, forall N, forall D1,
        {G |- D1 : deq M N}* => exists D2, {G |- D2 : aeq M N}
H1:{G |- de_s N M D : deq M N}@
H2:{G |- N : tm}*
H3:{G |- M : tm}*
H4:{G |- D : deq N M}*
H5:{G |- D2 : aeq N M}
H6:{G |- D1 : aeq M N}

==================================
exists D2, {G |- D2 : aeq M N}

Subgoal ceqG.4 is:
 exists D2, {G |- D2 : aeq (lam ([c53]M1 c53)) (lam ([c56]N1 c56))}

Subgoal ceqG.5 is:
 exists D2, {G |- D2 : aeq (app M1 M2) (app N1 N2)}

Subgoal ceqG.6 is:
 exists D2, {G |- D2 : aeq n n}

ceqG.3>> exists D1.

Subgoal ceqG.3:

Vars: D2:o, D:o, D1:o, N:o, M:o
Contexts: G{}:daG[]
IH:
    ctx G:daG,
      forall M, forall N, forall D1,
        {G |- D1 : deq M N}* => exists D2, {G |- D2 : aeq M N}
H1:{G |- de_s N M D : deq M N}@
H2:{G |- N : tm}*
H3:{G |- M : tm}*
H4:{G |- D : deq N M}*
H5:{G |- D2 : aeq N M}
H6:{G |- D1 : aeq M N}

==================================
{G |- D1 : aeq M N}

Subgoal ceqG.4 is:
 exists D2, {G |- D2 : aeq (lam ([c53]M1 c53)) (lam ([c56]N1 c56))}

Subgoal ceqG.5 is:
 exists D2, {G |- D2 : aeq (app M1 M2) (app N1 N2)}

Subgoal ceqG.6 is:
 exists D2, {G |- D2 : aeq n n}

ceqG.3>> search.

Subgoal ceqG.4:

Vars: D:(o) -> (o) -> o, M1:(o) -> o, N1:(o) -> o
Nominals: n3:o, n2:o, n1:o, n:o
Contexts: G{n, n1, n2, n3}:daG[]
IH:
    ctx G:daG,
      forall M, forall N, forall D1,
        {G |- D1 : deq M N}* => exists D2, {G |- D2 : aeq M N}
H1:
    {G |- de_l ([c27]M1 c27) ([c28]N1 c28) ([c29][c30]D c29 c30) :
      deq (lam ([c18]M1 c18)) (lam ([c21]N1 c21))}@
H2:{G, n:tm |- M1 n : tm}*
H3:{G, n1:tm |- N1 n1 : tm}*
H4:{G, n2:tm, n3:deq n2 n2 |- D n2 n3 : deq (M1 n2) (N1 n2)}*

==================================
exists D2, {G |- D2 : aeq (lam ([c53]M1 c53)) (lam ([c56]N1 c56))}

Subgoal ceqG.5 is:
 exists D2, {G |- D2 : aeq (app M1 M2) (app N1 N2)}

Subgoal ceqG.6 is:
 exists D2, {G |- D2 : aeq n n}

ceqG.4>> weaken H4 with aeq n2 n2.

Subgoal ceqG.4:

Vars: D:(o) -> (o) -> o, M1:(o) -> o, N1:(o) -> o
Nominals: n4:o, n3:o, n2:o, n1:o, n:o
Contexts: G{n, n1, n2, n3, n4}:daG[]
IH:
    ctx G:daG,
      forall M, forall N, forall D1,
        {G |- D1 : deq M N}* => exists D2, {G |- D2 : aeq M N}
H1:
    {G |- de_l ([c27]M1 c27) ([c28]N1 c28) ([c29][c30]D c29 c30) :
      deq (lam ([c18]M1 c18)) (lam ([c21]N1 c21))}@
H2:{G, n:tm |- M1 n : tm}*
H3:{G, n1:tm |- N1 n1 : tm}*
H4:{G, n2:tm, n3:deq n2 n2 |- D n2 n3 : deq (M1 n2) (N1 n2)}*
H5:{G, n2:tm, n3:deq n2 n2, n4:aeq n2 n2 |- D n2 n3 : deq (M1 n2) (N1 n2)}*

==================================
exists D2, {G |- D2 : aeq (lam ([c53]M1 c53)) (lam ([c56]N1 c56))}

Subgoal ceqG.5 is:
 exists D2, {G |- D2 : aeq (app M1 M2) (app N1 N2)}

Subgoal ceqG.6 is:
 exists D2, {G |- D2 : aeq n n}

ceqG.4>> ctxpermute H5 to G, n2: tm, n4: aeq n2 n2, n3:deq n2 n2.

Subgoal ceqG.4:

Vars: D:(o) -> (o) -> o, M1:(o) -> o, N1:(o) -> o
Nominals: n4:o, n3:o, n2:o, n1:o, n:o
Contexts: G{n, n1, n2, n3, n4}:daG[]
IH:
    ctx G:daG,
      forall M, forall N, forall D1,
        {G |- D1 : deq M N}* => exists D2, {G |- D2 : aeq M N}
H1:
    {G |- de_l ([c27]M1 c27) ([c28]N1 c28) ([c29][c30]D c29 c30) :
      deq (lam ([c18]M1 c18)) (lam ([c21]N1 c21))}@
H2:{G, n:tm |- M1 n : tm}*
H3:{G, n1:tm |- N1 n1 : tm}*
H4:{G, n2:tm, n3:deq n2 n2 |- D n2 n3 : deq (M1 n2) (N1 n2)}*
H5:{G, n2:tm, n3:deq n2 n2, n4:aeq n2 n2 |- D n2 n3 : deq (M1 n2) (N1 n2)}*
H6:{G, n2:tm, n4:aeq n2 n2, n3:deq n2 n2 |- D n2 n3 : deq (M1 n2) (N1 n2)}*

==================================
exists D2, {G |- D2 : aeq (lam ([c53]M1 c53)) (lam ([c56]N1 c56))}

Subgoal ceqG.5 is:
 exists D2, {G |- D2 : aeq (app M1 M2) (app N1 N2)}

Subgoal ceqG.6 is:
 exists D2, {G |- D2 : aeq n n}

ceqG.4>> apply IH to H6 with (G = G, n1:tm, n2:aeq n1 n1, n:deq n1 n1).

Subgoal ceqG.4:

Vars: D2:(o) -> (o) -> (o) -> (o) -> (o) -> o, D:(o) -> (o) -> o, M1:
        (o) -> o, N1:(o) -> o
Nominals: n4:o, n3:o, n2:o, n1:o, n:o
Contexts: G{n, n1, n2, n3, n4}:daG[]
IH:
    ctx G:daG,
      forall M, forall N, forall D1,
        {G |- D1 : deq M N}* => exists D2, {G |- D2 : aeq M N}
H1:
    {G |- de_l ([c27]M1 c27) ([c28]N1 c28) ([c29][c30]D c29 c30) :
      deq (lam ([c18]M1 c18)) (lam ([c21]N1 c21))}@
H2:{G, n:tm |- M1 n : tm}*
H3:{G, n1:tm |- N1 n1 : tm}*
H4:{G, n2:tm, n3:deq n2 n2 |- D n2 n3 : deq (M1 n2) (N1 n2)}*
H5:{G, n2:tm, n3:deq n2 n2, n4:aeq n2 n2 |- D n2 n3 : deq (M1 n2) (N1 n2)}*
H6:{G, n2:tm, n4:aeq n2 n2, n3:deq n2 n2 |- D n2 n3 : deq (M1 n2) (N1 n2)}*
H7:
    {G, n1:tm, n2:aeq n1 n1, n:deq n1 n1 |- D2 n4 n3 n2 n1 n :
      aeq (M1 n1) (N1 n1)}

==================================
exists D2, {G |- D2 : aeq (lam ([c53]M1 c53)) (lam ([c56]N1 c56))}

Subgoal ceqG.5 is:
 exists D2, {G |- D2 : aeq (app M1 M2) (app N1 N2)}

Subgoal ceqG.6 is:
 exists D2, {G |- D2 : aeq n n}

ceqG.4>> prune H7.

Subgoal ceqG.4:

Vars: D2:(o) -> (o) -> o, D:(o) -> (o) -> o, M1:(o) -> o, N1:(o) -> o
Nominals: n4:o, n3:o, n2:o, n1:o, n:o
Contexts: G{n, n1, n2, n3, n4}:daG[]
IH:
    ctx G:daG,
      forall M, forall N, forall D1,
        {G |- D1 : deq M N}* => exists D2, {G |- D2 : aeq M N}
H1:
    {G |- de_l ([c27]M1 c27) ([c28]N1 c28) ([c29][c30]D c29 c30) :
      deq (lam ([c18]M1 c18)) (lam ([c21]N1 c21))}@
H2:{G, n:tm |- M1 n : tm}*
H3:{G, n1:tm |- N1 n1 : tm}*
H4:{G, n2:tm, n3:deq n2 n2 |- D n2 n3 : deq (M1 n2) (N1 n2)}*
H5:{G, n2:tm, n3:deq n2 n2, n4:aeq n2 n2 |- D n2 n3 : deq (M1 n2) (N1 n2)}*
H6:{G, n2:tm, n4:aeq n2 n2, n3:deq n2 n2 |- D n2 n3 : deq (M1 n2) (N1 n2)}*
H7:{G, n1:tm, n2:aeq n1 n1, n:deq n1 n1 |- D2 n2 n1 : aeq (M1 n1) (N1 n1)}

==================================
exists D2, {G |- D2 : aeq (lam ([c53]M1 c53)) (lam ([c56]N1 c56))}

Subgoal ceqG.5 is:
 exists D2, {G |- D2 : aeq (app M1 M2) (app N1 N2)}

Subgoal ceqG.6 is:
 exists D2, {G |- D2 : aeq n n}

ceqG.4>> strengthen H7.

Subgoal ceqG.4:

Vars: D2:(o) -> (o) -> o, D:(o) -> (o) -> o, M1:(o) -> o, N1:(o) -> o
Nominals: n4:o, n3:o, n2:o, n1:o, n:o
Contexts: G{n, n1, n2, n3, n4}:daG[]
IH:
    ctx G:daG,
      forall M, forall N, forall D1,
        {G |- D1 : deq M N}* => exists D2, {G |- D2 : aeq M N}
H1:
    {G |- de_l ([c27]M1 c27) ([c28]N1 c28) ([c29][c30]D c29 c30) :
      deq (lam ([c18]M1 c18)) (lam ([c21]N1 c21))}@
H2:{G, n:tm |- M1 n : tm}*
H3:{G, n1:tm |- N1 n1 : tm}*
H4:{G, n2:tm, n3:deq n2 n2 |- D n2 n3 : deq (M1 n2) (N1 n2)}*
H5:{G, n2:tm, n3:deq n2 n2, n4:aeq n2 n2 |- D n2 n3 : deq (M1 n2) (N1 n2)}*
H6:{G, n2:tm, n4:aeq n2 n2, n3:deq n2 n2 |- D n2 n3 : deq (M1 n2) (N1 n2)}*
H7:{G, n1:tm, n2:aeq n1 n1, n:deq n1 n1 |- D2 n2 n1 : aeq (M1 n1) (N1 n1)}
H8:{G, n1:tm, n2:aeq n1 n1 |- D2 n2 n1 : aeq (M1 n1) (N1 n1)}

==================================
exists D2, {G |- D2 : aeq (lam ([c53]M1 c53)) (lam ([c56]N1 c56))}

Subgoal ceqG.5 is:
 exists D2, {G |- D2 : aeq (app M1 M2) (app N1 N2)}

Subgoal ceqG.6 is:
 exists D2, {G |- D2 : aeq n n}

ceqG.4>> exists ae_l M1 N1 ([x][y] D2 y x).

Subgoal ceqG.4:

Vars: D2:(o) -> (o) -> o, D:(o) -> (o) -> o, M1:(o) -> o, N1:(o) -> o
Nominals: n4:o, n3:o, n2:o, n1:o, n:o
Contexts: G{n, n1, n2, n3, n4}:daG[]
IH:
    ctx G:daG,
      forall M, forall N, forall D1,
        {G |- D1 : deq M N}* => exists D2, {G |- D2 : aeq M N}
H1:
    {G |- de_l ([c27]M1 c27) ([c28]N1 c28) ([c29][c30]D c29 c30) :
      deq (lam ([c18]M1 c18)) (lam ([c21]N1 c21))}@
H2:{G, n:tm |- M1 n : tm}*
H3:{G, n1:tm |- N1 n1 : tm}*
H4:{G, n2:tm, n3:deq n2 n2 |- D n2 n3 : deq (M1 n2) (N1 n2)}*
H5:{G, n2:tm, n3:deq n2 n2, n4:aeq n2 n2 |- D n2 n3 : deq (M1 n2) (N1 n2)}*
H6:{G, n2:tm, n4:aeq n2 n2, n3:deq n2 n2 |- D n2 n3 : deq (M1 n2) (N1 n2)}*
H7:{G, n1:tm, n2:aeq n1 n1, n:deq n1 n1 |- D2 n2 n1 : aeq (M1 n1) (N1 n1)}
H8:{G, n1:tm, n2:aeq n1 n1 |- D2 n2 n1 : aeq (M1 n1) (N1 n1)}

==================================
{G |- ae_l M1 N1 ([x][y]D2 y x) :
  aeq (lam ([c53]M1 c53)) (lam ([c56]N1 c56))}

Subgoal ceqG.5 is:
 exists D2, {G |- D2 : aeq (app M1 M2) (app N1 N2)}

Subgoal ceqG.6 is:
 exists D2, {G |- D2 : aeq n n}

ceqG.4>> search.

Subgoal ceqG.5:

Vars: D2:o, D3:o, M1:o, M2:o, N1:o, N2:o
Contexts: G{}:daG[]
IH:
    ctx G:daG,
      forall M, forall N, forall D1,
        {G |- D1 : deq M N}* => exists D2, {G |- D2 : aeq M N}
H1:{G |- de_a M1 M2 N1 N2 D2 D3 : deq (app M1 M2) (app N1 N2)}@
H2:{G |- M1 : tm}*
H3:{G |- M2 : tm}*
H4:{G |- N1 : tm}*
H5:{G |- N2 : tm}*
H6:{G |- D2 : deq M1 N1}*
H7:{G |- D3 : deq M2 N2}*

==================================
exists D2, {G |- D2 : aeq (app M1 M2) (app N1 N2)}

Subgoal ceqG.6 is:
 exists D2, {G |- D2 : aeq n n}

ceqG.5>> apply IH to H6.

Subgoal ceqG.5:

Vars: D2:o, D3:o, M1:o, M2:o, N1:o, N2:o, D1:o
Contexts: G{}:daG[]
IH:
    ctx G:daG,
      forall M, forall N, forall D1,
        {G |- D1 : deq M N}* => exists D2, {G |- D2 : aeq M N}
H1:{G |- de_a M1 M2 N1 N2 D2 D3 : deq (app M1 M2) (app N1 N2)}@
H2:{G |- M1 : tm}*
H3:{G |- M2 : tm}*
H4:{G |- N1 : tm}*
H5:{G |- N2 : tm}*
H6:{G |- D2 : deq M1 N1}*
H7:{G |- D3 : deq M2 N2}*
H8:{G |- D1 : aeq M1 N1}

==================================
exists D2, {G |- D2 : aeq (app M1 M2) (app N1 N2)}

Subgoal ceqG.6 is:
 exists D2, {G |- D2 : aeq n n}

ceqG.5>> apply IH to H7.

Subgoal ceqG.5:

Vars: D4:o, D2:o, D3:o, M1:o, M2:o, N1:o, N2:o, D1:o
Contexts: G{}:daG[]
IH:
    ctx G:daG,
      forall M, forall N, forall D1,
        {G |- D1 : deq M N}* => exists D2, {G |- D2 : aeq M N}
H1:{G |- de_a M1 M2 N1 N2 D2 D3 : deq (app M1 M2) (app N1 N2)}@
H2:{G |- M1 : tm}*
H3:{G |- M2 : tm}*
H4:{G |- N1 : tm}*
H5:{G |- N2 : tm}*
H6:{G |- D2 : deq M1 N1}*
H7:{G |- D3 : deq M2 N2}*
H8:{G |- D1 : aeq M1 N1}
H9:{G |- D4 : aeq M2 N2}

==================================
exists D2, {G |- D2 : aeq (app M1 M2) (app N1 N2)}

Subgoal ceqG.6 is:
 exists D2, {G |- D2 : aeq n n}

ceqG.5>> exists ae_a M1 M2 N1 N2 D1 D4.

Subgoal ceqG.5:

Vars: D4:o, D2:o, D3:o, M1:o, M2:o, N1:o, N2:o, D1:o
Contexts: G{}:daG[]
IH:
    ctx G:daG,
      forall M, forall N, forall D1,
        {G |- D1 : deq M N}* => exists D2, {G |- D2 : aeq M N}
H1:{G |- de_a M1 M2 N1 N2 D2 D3 : deq (app M1 M2) (app N1 N2)}@
H2:{G |- M1 : tm}*
H3:{G |- M2 : tm}*
H4:{G |- N1 : tm}*
H5:{G |- N2 : tm}*
H6:{G |- D2 : deq M1 N1}*
H7:{G |- D3 : deq M2 N2}*
H8:{G |- D1 : aeq M1 N1}
H9:{G |- D4 : aeq M2 N2}

==================================
{G |- ae_a M1 M2 N1 N2 D1 D4 : aeq (app M1 M2) (app N1 N2)}

Subgoal ceqG.6 is:
 exists D2, {G |- D2 : aeq n n}

ceqG.5>> search.

Subgoal ceqG.6:

Nominals: n2:o, n1:o, n:o
Contexts: G{}:daG[(n:tm, n1:aeq n n, n2:deq n n)]
IH:
    ctx G:daG,
      forall M, forall N, forall D1,
        {G |- D1 : deq M N}* => exists D2, {G |- D2 : aeq M N}
H1:{G |- n2 : deq n n}@

==================================
exists D2, {G |- D2 : aeq n n}

ceqG.6>> exists n1.

Subgoal ceqG.6:

Nominals: n2:o, n1:o, n:o
Contexts: G{}:daG[(n:tm, n1:aeq n n, n2:deq n n)]
IH:
    ctx G:daG,
      forall M, forall N, forall D1,
        {G |- D1 : deq M N}* => exists D2, {G |- D2 : aeq M N}
H1:{G |- n2 : deq n n}@

==================================
{G |- n1 : aeq n n}

ceqG.6>> search.
Proof Completed!

