Welcome!
>> Specification "reduce.lf"

>> Schema c := {T}(x:tm,y:of x T).

>> Theorem subject_reduction_wsscbv:
    ctx  Gamma:c,
      forall  M1 M2 T D1 D2,
        {Gamma |- D1 : of M1 T} =>
          {D2 : sscbv M1 M2} => exists  D3, {Gamma |- D3 : of M2 T}.

Subgoal subject_reduction_wsscbv:


==================================
ctx Gamma:c,
  forall M1, forall M2, forall T, forall D1, forall D2,
    {Gamma |- D1 : of M1 T} =>
        {D2 : sscbv M1 M2} => exists D3, {Gamma |- D3 : of M2 T}

subject_reduction_wsscbv>> induction on 2.

Subgoal subject_reduction_wsscbv:

IH:
    ctx Gamma:c,
      forall M1, forall M2, forall T, forall D1, forall D2,
        {Gamma |- D1 : of M1 T} =>
            {D2 : sscbv M1 M2}* => exists D3, {Gamma |- D3 : of M2 T}

==================================
ctx Gamma:c,
  forall M1, forall M2, forall T, forall D1, forall D2,
    {Gamma |- D1 : of M1 T} =>
        {D2 : sscbv M1 M2}@ => exists D3, {Gamma |- D3 : of M2 T}

subject_reduction_wsscbv>> intros.

Subgoal subject_reduction_wsscbv:

Vars: D2:o, D1:o, T:o, M2:o, M1:o
Contexts: Gamma{}:c[]
IH:
    ctx Gamma:c,
      forall M1, forall M2, forall T, forall D1, forall D2,
        {Gamma |- D1 : of M1 T} =>
            {D2 : sscbv M1 M2}* => exists D3, {Gamma |- D3 : of M2 T}
H1:{Gamma |- D1 : of M1 T}
H2:{D2 : sscbv M1 M2}@

==================================
exists D3, {Gamma |- D3 : of M2 T}

subject_reduction_wsscbv>> cases H2.

Subgoal subject_reduction_wsscbv.1:

Vars: T1:o, R1:(o) -> o, T2:o, R2:(o) -> o, D1:o, T:o
Nominals: n1:o, n:o
Contexts: Gamma{}:c[]
IH:
    ctx Gamma:c,
      forall M1, forall M2, forall T, forall D1, forall D2,
        {Gamma |- D1 : of M1 T} =>
            {D2 : sscbv M1 M2}* => exists D3, {Gamma |- D3 : of M2 T}
H1:{Gamma |- D1 : of (app (lam T1 ([c4]R1 c4)) (lam T2 ([c8]R2 c8))) T}
H3:{n:tm |- R1 n : tm}*
H4:{n1:tm |- R2 n1 : tm}*
H5:{T1 : ty}*
H6:{T2 : ty}*

==================================
exists D3, {Gamma |- D3 : of (R1 (lam T2 ([c57]R2 c57))) T}

Subgoal subject_reduction_wsscbv.2 is:
 exists D3, {Gamma |- D3 : of (app (lam T1 ([c64]R c64)) M4) T}

Subgoal subject_reduction_wsscbv.3 is:
 exists D3, {Gamma |- D3 : of (app M4 N) T}

subject_reduction_wsscbv.1>> cases H1.

Subgoal subject_reduction_wsscbv.1:

Vars: D3:o, D4:o, D5:o, T1:o, R1:(o) -> o, T2:o, R2:(o) -> o, T:o
Nominals: n1:o, n:o
Contexts: Gamma{}:c[]
IH:
    ctx Gamma:c,
      forall M1, forall M2, forall T, forall D1, forall D2,
        {Gamma |- D1 : of M1 T} =>
            {D2 : sscbv M1 M2}* => exists D3, {Gamma |- D3 : of M2 T}
H3:{n:tm |- R1 n : tm}*
H4:{n1:tm |- R2 n1 : tm}*
H5:{T1 : ty}*
H6:{T2 : ty}*
H7:{Gamma |- lam T1 ([c4]R1 c4) : tm}
H8:{Gamma |- lam T2 ([c8]R2 c8) : tm}
H9:{Gamma |- T : ty}
H10:{Gamma |- D3 : ty}
H11:{Gamma |- D4 : of (lam T1 ([c4]R1 c4)) (arr D3 T)}
H12:{Gamma |- D5 : of (lam T2 ([c8]R2 c8)) D3}

==================================
exists D3, {Gamma |- D3 : of (R1 (lam T2 ([c135]R2 c135))) T}

Subgoal subject_reduction_wsscbv.2 is:
 exists D3, {Gamma |- D3 : of (app (lam T1 ([c64]R c64)) M4) T}

Subgoal subject_reduction_wsscbv.3 is:
 exists D3, {Gamma |- D3 : of (app M4 N) T}

subject_reduction_wsscbv.1>> cases H11.

Subgoal subject_reduction_wsscbv.1:

Vars: D6:(o) -> (o) -> o, D3:o, D5:o, R1:(o) -> o, T2:o, R2:(o) -> o, T:o
Nominals: n4:o, n3:o, n2:o, n1:o, n:o
Contexts: Gamma{n2, n3, n4}:c[]
IH:
    ctx Gamma:c,
      forall M1, forall M2, forall T, forall D1, forall D2,
        {Gamma |- D1 : of M1 T} =>
            {D2 : sscbv M1 M2}* => exists D3, {Gamma |- D3 : of M2 T}
H3:{n:tm |- R1 n : tm}*
H4:{n1:tm |- R2 n1 : tm}*
H5:{D3 : ty}*
H6:{T2 : ty}*
H7:{Gamma |- lam D3 ([c4]R1 c4) : tm}
H8:{Gamma |- lam T2 ([c8]R2 c8) : tm}
H9:{Gamma |- T : ty}
H10:{Gamma |- D3 : ty}
H12:{Gamma |- D5 : of (lam T2 ([c8]R2 c8)) D3}
H13:{Gamma, n2:tm |- R1 n2 : tm}
H14:{Gamma |- D3 : ty}
H15:{Gamma |- T : ty}
H16:{Gamma, n3:tm, n4:of n3 D3 |- D6 n3 n4 : of (R1 n3) T}

==================================
exists D3, {Gamma |- D3 : of (R1 (lam T2 ([c201]R2 c201))) T}

Subgoal subject_reduction_wsscbv.2 is:
 exists D3, {Gamma |- D3 : of (app (lam T1 ([c64]R c64)) M4) T}

Subgoal subject_reduction_wsscbv.3 is:
 exists D3, {Gamma |- D3 : of (app M4 N) T}

subject_reduction_wsscbv.1>> inst H16 with n3 = lam T2 ([x]R2 x).

Subgoal subject_reduction_wsscbv.1:

Vars: D6:(o) -> (o) -> o, D3:o, D5:o, R1:(o) -> o, T2:o, R2:(o) -> o, T:o
Nominals: n4:o, n3:o, n2:o, n1:o, n:o
Contexts: Gamma{n2, n3, n4}:c[]
IH:
    ctx Gamma:c,
      forall M1, forall M2, forall T, forall D1, forall D2,
        {Gamma |- D1 : of M1 T} =>
            {D2 : sscbv M1 M2}* => exists D3, {Gamma |- D3 : of M2 T}
H3:{n:tm |- R1 n : tm}*
H4:{n1:tm |- R2 n1 : tm}*
H5:{D3 : ty}*
H6:{T2 : ty}*
H7:{Gamma |- lam D3 ([c4]R1 c4) : tm}
H8:{Gamma |- lam T2 ([c8]R2 c8) : tm}
H9:{Gamma |- T : ty}
H10:{Gamma |- D3 : ty}
H12:{Gamma |- D5 : of (lam T2 ([c8]R2 c8)) D3}
H13:{Gamma, n2:tm |- R1 n2 : tm}
H14:{Gamma |- D3 : ty}
H15:{Gamma |- T : ty}
H16:{Gamma, n3:tm, n4:of n3 D3 |- D6 n3 n4 : of (R1 n3) T}
H17:
    {Gamma, n4:of (lam T2 ([x]R2 x)) D3 |- D6 (lam T2 ([x]R2 x)) n4 :
      of (R1 (lam T2 ([x]R2 x))) T}

==================================
exists D3, {Gamma |- D3 : of (R1 (lam T2 ([c201]R2 c201))) T}

Subgoal subject_reduction_wsscbv.2 is:
 exists D3, {Gamma |- D3 : of (app (lam T1 ([c64]R c64)) M4) T}

Subgoal subject_reduction_wsscbv.3 is:
 exists D3, {Gamma |- D3 : of (app M4 N) T}

subject_reduction_wsscbv.1>> inst H17 with n4 = D5.

Subgoal subject_reduction_wsscbv.1:

Vars: D6:(o) -> (o) -> o, D3:o, D5:o, R1:(o) -> o, T2:o, R2:(o) -> o, T:o
Nominals: n4:o, n3:o, n2:o, n1:o, n:o
Contexts: Gamma{n2, n3, n4}:c[]
IH:
    ctx Gamma:c,
      forall M1, forall M2, forall T, forall D1, forall D2,
        {Gamma |- D1 : of M1 T} =>
            {D2 : sscbv M1 M2}* => exists D3, {Gamma |- D3 : of M2 T}
H3:{n:tm |- R1 n : tm}*
H4:{n1:tm |- R2 n1 : tm}*
H5:{D3 : ty}*
H6:{T2 : ty}*
H7:{Gamma |- lam D3 ([c4]R1 c4) : tm}
H8:{Gamma |- lam T2 ([c8]R2 c8) : tm}
H9:{Gamma |- T : ty}
H10:{Gamma |- D3 : ty}
H12:{Gamma |- D5 : of (lam T2 ([c8]R2 c8)) D3}
H13:{Gamma, n2:tm |- R1 n2 : tm}
H14:{Gamma |- D3 : ty}
H15:{Gamma |- T : ty}
H16:{Gamma, n3:tm, n4:of n3 D3 |- D6 n3 n4 : of (R1 n3) T}
H17:
    {Gamma, n4:of (lam T2 ([x]R2 x)) D3 |- D6 (lam T2 ([x]R2 x)) n4 :
      of (R1 (lam T2 ([x]R2 x))) T}
H18:{Gamma |- D6 (lam T2 ([x]R2 x)) D5 : of (R1 (lam T2 ([x]R2 x))) T}

==================================
exists D3, {Gamma |- D3 : of (R1 (lam T2 ([c201]R2 c201))) T}

Subgoal subject_reduction_wsscbv.2 is:
 exists D3, {Gamma |- D3 : of (app (lam T1 ([c64]R c64)) M4) T}

Subgoal subject_reduction_wsscbv.3 is:
 exists D3, {Gamma |- D3 : of (app M4 N) T}

subject_reduction_wsscbv.1>> exists D6 lam T2 ([x]R2 x) D5.

Subgoal subject_reduction_wsscbv.1:

Vars: D6:(o) -> (o) -> o, D3:o, D5:o, R1:(o) -> o, T2:o, R2:(o) -> o, T:o
Nominals: n4:o, n3:o, n2:o, n1:o, n:o
Contexts: Gamma{n2, n3, n4}:c[]
IH:
    ctx Gamma:c,
      forall M1, forall M2, forall T, forall D1, forall D2,
        {Gamma |- D1 : of M1 T} =>
            {D2 : sscbv M1 M2}* => exists D3, {Gamma |- D3 : of M2 T}
H3:{n:tm |- R1 n : tm}*
H4:{n1:tm |- R2 n1 : tm}*
H5:{D3 : ty}*
H6:{T2 : ty}*
H7:{Gamma |- lam D3 ([c4]R1 c4) : tm}
H8:{Gamma |- lam T2 ([c8]R2 c8) : tm}
H9:{Gamma |- T : ty}
H10:{Gamma |- D3 : ty}
H12:{Gamma |- D5 : of (lam T2 ([c8]R2 c8)) D3}
H13:{Gamma, n2:tm |- R1 n2 : tm}
H14:{Gamma |- D3 : ty}
H15:{Gamma |- T : ty}
H16:{Gamma, n3:tm, n4:of n3 D3 |- D6 n3 n4 : of (R1 n3) T}
H17:
    {Gamma, n4:of (lam T2 ([x]R2 x)) D3 |- D6 (lam T2 ([x]R2 x)) n4 :
      of (R1 (lam T2 ([x]R2 x))) T}
H18:{Gamma |- D6 (lam T2 ([x]R2 x)) D5 : of (R1 (lam T2 ([x]R2 x))) T}

==================================
{Gamma |- D6 (lam T2 ([x]R2 x)) D5 : of (R1 (lam T2 ([c201]R2 c201))) T}

Subgoal subject_reduction_wsscbv.2 is:
 exists D3, {Gamma |- D3 : of (app (lam T1 ([c64]R c64)) M4) T}

Subgoal subject_reduction_wsscbv.3 is:
 exists D3, {Gamma |- D3 : of (app M4 N) T}

subject_reduction_wsscbv.1>> search.

Subgoal subject_reduction_wsscbv.2:

Vars: D3:o, M3:o, T1:o, R:(o) -> o, M4:o, D1:o, T:o
Nominals: n:o
Contexts: Gamma{}:c[]
IH:
    ctx Gamma:c,
      forall M1, forall M2, forall T, forall D1, forall D2,
        {Gamma |- D1 : of M1 T} =>
            {D2 : sscbv M1 M2}* => exists D3, {Gamma |- D3 : of M2 T}
H1:{Gamma |- D1 : of (app (lam T1 ([c27]R c27)) M3) T}
H3:{n:tm |- R n : tm}*
H4:{T1 : ty}*
H5:{M3 : tm}*
H6:{M4 : tm}*
H7:{D3 : sscbv M3 M4}*

==================================
exists D3, {Gamma |- D3 : of (app (lam T1 ([c64]R c64)) M4) T}

Subgoal subject_reduction_wsscbv.3 is:
 exists D3, {Gamma |- D3 : of (app M4 N) T}

subject_reduction_wsscbv.2>> cases H1.

Subgoal subject_reduction_wsscbv.2:

Vars: D4:o, D5:o, D6:o, D3:o, M3:o, T1:o, R:(o) -> o, M4:o, T:o
Nominals: n:o
Contexts: Gamma{}:c[]
IH:
    ctx Gamma:c,
      forall M1, forall M2, forall T, forall D1, forall D2,
        {Gamma |- D1 : of M1 T} =>
            {D2 : sscbv M1 M2}* => exists D3, {Gamma |- D3 : of M2 T}
H3:{n:tm |- R n : tm}*
H4:{T1 : ty}*
H5:{M3 : tm}*
H6:{M4 : tm}*
H7:{D3 : sscbv M3 M4}*
H8:{Gamma |- lam T1 ([c27]R c27) : tm}
H9:{Gamma |- M3 : tm}
H10:{Gamma |- T : ty}
H11:{Gamma |- D4 : ty}
H12:{Gamma |- D5 : of (lam T1 ([c27]R c27)) (arr D4 T)}
H13:{Gamma |- D6 : of M3 D4}

==================================
exists D3, {Gamma |- D3 : of (app (lam T1 ([c246]R c246)) M4) T}

Subgoal subject_reduction_wsscbv.3 is:
 exists D3, {Gamma |- D3 : of (app M4 N) T}

subject_reduction_wsscbv.2>> apply IH to H13 H7.

Subgoal subject_reduction_wsscbv.2:

Vars: D4:o, D5:o, D6:o, D3:o, M3:o, T1:o, R:(o) -> o, M4:o, D1:(o) -> o, T:o
Nominals: n:o
Contexts: Gamma{}:c[]
IH:
    ctx Gamma:c,
      forall M1, forall M2, forall T, forall D1, forall D2,
        {Gamma |- D1 : of M1 T} =>
            {D2 : sscbv M1 M2}* => exists D3, {Gamma |- D3 : of M2 T}
H3:{n:tm |- R n : tm}*
H4:{T1 : ty}*
H5:{M3 : tm}*
H6:{M4 : tm}*
H7:{D3 : sscbv M3 M4}*
H8:{Gamma |- lam T1 ([c27]R c27) : tm}
H9:{Gamma |- M3 : tm}
H10:{Gamma |- T : ty}
H11:{Gamma |- D4 : ty}
H12:{Gamma |- D5 : of (lam T1 ([c27]R c27)) (arr D4 T)}
H13:{Gamma |- D6 : of M3 D4}
H14:{Gamma |- D1 n : of M4 D4}

==================================
exists D3, {Gamma |- D3 : of (app (lam T1 ([c246]R c246)) M4) T}

Subgoal subject_reduction_wsscbv.3 is:
 exists D3, {Gamma |- D3 : of (app M4 N) T}

subject_reduction_wsscbv.2>> prune H14.

Subgoal subject_reduction_wsscbv.2:

Vars: D4:o, D5:o, D6:o, D3:o, M3:o, T1:o, R:(o) -> o, M4:o, D1:(o) -> o, T:o
Nominals: n:o
Contexts: Gamma{}:c[]
IH:
    ctx Gamma:c,
      forall M1, forall M2, forall T, forall D1, forall D2,
        {Gamma |- D1 : of M1 T} =>
            {D2 : sscbv M1 M2}* => exists D3, {Gamma |- D3 : of M2 T}
H3:{n:tm |- R n : tm}*
H4:{T1 : ty}*
H5:{M3 : tm}*
H6:{M4 : tm}*
H7:{D3 : sscbv M3 M4}*
H8:{Gamma |- lam T1 ([c27]R c27) : tm}
H9:{Gamma |- M3 : tm}
H10:{Gamma |- T : ty}
H11:{Gamma |- D4 : ty}
H12:{Gamma |- D5 : of (lam T1 ([c27]R c27)) (arr D4 T)}
H13:{Gamma |- D6 : of M3 D4}
H14:{Gamma |- D1 n : of M4 D4}

==================================
exists D3, {Gamma |- D3 : of (app (lam T1 ([c246]R c246)) M4) T}

Subgoal subject_reduction_wsscbv.3 is:
 exists D3, {Gamma |- D3 : of (app M4 N) T}

subject_reduction_wsscbv.2>> exists of_app lam T1 ([x]R x) M4 T D4 D5 D1 n.

Subgoal subject_reduction_wsscbv.2:

Vars: D4:o, D5:o, D6:o, D3:o, M3:o, T1:o, R:(o) -> o, M4:o, D1:(o) -> o, T:o
Nominals: n:o
Contexts: Gamma{}:c[]
IH:
    ctx Gamma:c,
      forall M1, forall M2, forall T, forall D1, forall D2,
        {Gamma |- D1 : of M1 T} =>
            {D2 : sscbv M1 M2}* => exists D3, {Gamma |- D3 : of M2 T}
H3:{n:tm |- R n : tm}*
H4:{T1 : ty}*
H5:{M3 : tm}*
H6:{M4 : tm}*
H7:{D3 : sscbv M3 M4}*
H8:{Gamma |- lam T1 ([c27]R c27) : tm}
H9:{Gamma |- M3 : tm}
H10:{Gamma |- T : ty}
H11:{Gamma |- D4 : ty}
H12:{Gamma |- D5 : of (lam T1 ([c27]R c27)) (arr D4 T)}
H13:{Gamma |- D6 : of M3 D4}
H14:{Gamma |- D1 n : of M4 D4}

==================================
{Gamma |- of_app (lam T1 ([x]R x)) M4 T D4 D5 (D1 n) :
  of (app (lam T1 ([c246]R c246)) M4) T}

Subgoal subject_reduction_wsscbv.3 is:
 exists D3, {Gamma |- D3 : of (app M4 N) T}

subject_reduction_wsscbv.2>> assert {Gamma |- M4 : tm}.

Subgoal subject_reduction_wsscbv.2:

Vars: D4:o, D5:o, D6:o, D3:o, M3:o, T1:o, R:(o) -> o, M4:o, D1:(o) -> o, T:o
Nominals: n:o
Contexts: Gamma{}:c[]
IH:
    ctx Gamma:c,
      forall M1, forall M2, forall T, forall D1, forall D2,
        {Gamma |- D1 : of M1 T} =>
            {D2 : sscbv M1 M2}* => exists D3, {Gamma |- D3 : of M2 T}
H3:{n:tm |- R n : tm}*
H4:{T1 : ty}*
H5:{M3 : tm}*
H6:{M4 : tm}*
H7:{D3 : sscbv M3 M4}*
H8:{Gamma |- lam T1 ([c27]R c27) : tm}
H9:{Gamma |- M3 : tm}
H10:{Gamma |- T : ty}
H11:{Gamma |- D4 : ty}
H12:{Gamma |- D5 : of (lam T1 ([c27]R c27)) (arr D4 T)}
H13:{Gamma |- D6 : of M3 D4}
H14:{Gamma |- D1 n : of M4 D4}
H15:{Gamma |- M4 : tm}

==================================
{Gamma |- of_app (lam T1 ([x]R x)) M4 T D4 D5 (D1 n) :
  of (app (lam T1 ([c246]R c246)) M4) T}

Subgoal subject_reduction_wsscbv.3 is:
 exists D3, {Gamma |- D3 : of (app M4 N) T}

subject_reduction_wsscbv.2>> search.

Subgoal subject_reduction_wsscbv.3:

Vars: D3:o, M3:o, M4:o, N:o, D1:o, T:o
Contexts: Gamma{}:c[]
IH:
    ctx Gamma:c,
      forall M1, forall M2, forall T, forall D1, forall D2,
        {Gamma |- D1 : of M1 T} =>
            {D2 : sscbv M1 M2}* => exists D3, {Gamma |- D3 : of M2 T}
H1:{Gamma |- D1 : of (app M3 N) T}
H3:{M3 : tm}*
H4:{M4 : tm}*
H5:{N : tm}*
H6:{D3 : sscbv M3 M4}*

==================================
exists D3, {Gamma |- D3 : of (app M4 N) T}

subject_reduction_wsscbv.3>> cases H1.

Subgoal subject_reduction_wsscbv.3:

Vars: U:o, a1:o, a2:o, D3:o, M3:o, M4:o, N:o, T:o
Contexts: Gamma{}:c[]
IH:
    ctx Gamma:c,
      forall M1, forall M2, forall T, forall D1, forall D2,
        {Gamma |- D1 : of M1 T} =>
            {D2 : sscbv M1 M2}* => exists D3, {Gamma |- D3 : of M2 T}
H3:{M3 : tm}*
H4:{M4 : tm}*
H5:{N : tm}*
H6:{D3 : sscbv M3 M4}*
H7:{Gamma |- M3 : tm}
H8:{Gamma |- N : tm}
H9:{Gamma |- T : ty}
H10:{Gamma |- U : ty}
H11:{Gamma |- a1 : of M3 (arr U T)}
H12:{Gamma |- a2 : of N U}

==================================
exists D3, {Gamma |- D3 : of (app M4 N) T}

subject_reduction_wsscbv.3>> apply IH to H11 H6.

Subgoal subject_reduction_wsscbv.3:

Vars: U:o, a1:o, a2:o, D3:o, M3:o, M4:o, N:o, D1:o, T:o
Contexts: Gamma{}:c[]
IH:
    ctx Gamma:c,
      forall M1, forall M2, forall T, forall D1, forall D2,
        {Gamma |- D1 : of M1 T} =>
            {D2 : sscbv M1 M2}* => exists D3, {Gamma |- D3 : of M2 T}
H3:{M3 : tm}*
H4:{M4 : tm}*
H5:{N : tm}*
H6:{D3 : sscbv M3 M4}*
H7:{Gamma |- M3 : tm}
H8:{Gamma |- N : tm}
H9:{Gamma |- T : ty}
H10:{Gamma |- U : ty}
H11:{Gamma |- a1 : of M3 (arr U T)}
H12:{Gamma |- a2 : of N U}
H13:{Gamma |- D1 : of M4 (arr U T)}

==================================
exists D3, {Gamma |- D3 : of (app M4 N) T}

subject_reduction_wsscbv.3>> exists of_app M4 N T U D1 a2.

Subgoal subject_reduction_wsscbv.3:

Vars: U:o, a1:o, a2:o, D3:o, M3:o, M4:o, N:o, D1:o, T:o
Contexts: Gamma{}:c[]
IH:
    ctx Gamma:c,
      forall M1, forall M2, forall T, forall D1, forall D2,
        {Gamma |- D1 : of M1 T} =>
            {D2 : sscbv M1 M2}* => exists D3, {Gamma |- D3 : of M2 T}
H3:{M3 : tm}*
H4:{M4 : tm}*
H5:{N : tm}*
H6:{D3 : sscbv M3 M4}*
H7:{Gamma |- M3 : tm}
H8:{Gamma |- N : tm}
H9:{Gamma |- T : ty}
H10:{Gamma |- U : ty}
H11:{Gamma |- a1 : of M3 (arr U T)}
H12:{Gamma |- a2 : of N U}
H13:{Gamma |- D1 : of M4 (arr U T)}

==================================
{Gamma |- of_app M4 N T U D1 a2 : of (app M4 N) T}

subject_reduction_wsscbv.3>> assert {Gamma |- M4 : tm}.

Subgoal subject_reduction_wsscbv.3:

Vars: U:o, a1:o, a2:o, D3:o, M3:o, M4:o, N:o, D1:o, T:o
Contexts: Gamma{}:c[]
IH:
    ctx Gamma:c,
      forall M1, forall M2, forall T, forall D1, forall D2,
        {Gamma |- D1 : of M1 T} =>
            {D2 : sscbv M1 M2}* => exists D3, {Gamma |- D3 : of M2 T}
H3:{M3 : tm}*
H4:{M4 : tm}*
H5:{N : tm}*
H6:{D3 : sscbv M3 M4}*
H7:{Gamma |- M3 : tm}
H8:{Gamma |- N : tm}
H9:{Gamma |- T : ty}
H10:{Gamma |- U : ty}
H11:{Gamma |- a1 : of M3 (arr U T)}
H12:{Gamma |- a2 : of N U}
H13:{Gamma |- D1 : of M4 (arr U T)}
H14:{Gamma |- M4 : tm}

==================================
{Gamma |- of_app M4 N T U D1 a2 : of (app M4 N) T}

subject_reduction_wsscbv.3>> search.
Proof Completed!

>> Goodbye!
